$ bun run --cwd packages/frontend export:web
$ expo export --platform web
React Compiler enabled
Expo Autolinking module resolution enabled
Starting Metro Bundler

 WARN  Attempted to import the module "/home/nate/Oxy/GoWay/.worktrees/1519-final-sdk-adoption-20261003/node_modules/@noble/hashes/crypto.js" which is not listed in the "exports" of "/home/nate/Oxy/GoWay/.worktrees/1519-final-sdk-adoption-20261003/node_modules/@noble/hashes" under the requested subpath "./crypto.js". Falling back to file-based resolution. Consider updating the call site or asking the package maintainer(s) to expose this API.
Web Bundled 16986ms node_modules/expo-router/entry.js (2690 modules)

› Assets (28):
../../node_modules/@oxy.so/bloom/lib/module/fonts/assets/BlomusModernus-Bold.c8e4c906b137ccc90f9aa1fbccbe85b2.woff2 (78KB)
../../node_modules/@oxy.so/bloom/lib/module/fonts/assets/BlomusModernus-Regular.6a898c26aeb50e6f31189d06dd2bf3e9.woff2 (78KB)
../../node_modules/@oxy.so/bloom/lib/module/fonts/assets/InterVariable.260c81a4759baf163c025001c4f27872.woff2 (48KB)
../../node_modules/@oxy.so/bloom/lib/module/fonts/assets/JetBrainsMono-Variable.b058178d7f309414f8f856b99fd80d9b.woff2 (40KB)
../../node_modules/@oxy.so/services/lib/module/assets/fonts/icons/OxyServicesIonicons.48b1d8ee549a265d0c1aa67fed7fbca2.ttf (43KB)
../../node_modules/@oxy.so/services/lib/module/assets/fonts/icons/OxyServicesMaterialCommunityIcons.88d575089a17d9d10e08c411fd7105ba.ttf (29KB)
../../node_modules/@oxy.so/services/lib/module/assets/signIn/slide-1.b29a38b76e9e9e426cc152c3a1a56a73.jpg (102KB)
../../node_modules/@oxy.so/services/lib/module/assets/signIn/slide-2.045f767e731a6b2801ce1ea8dbda92f5.jpg (88KB)
../../node_modules/@oxy.so/services/lib/module/assets/signIn/slide-3.32a001447e68adf690be104bddcce0ef.jpg (59KB)
../../node_modules/@oxy.so/services/lib/module/assets/signIn/slide-4.1de81f0781c3c99c5615d0ec8eb5dee6.jpg (47KB)
../../node_modules/expo-router/assets/arrow_down.017bc6ba3fc25503e5eb5e53826d48a8.png (9.5KB)
../../node_modules/expo-router/assets/error.d1ea1496f9057eb392d5bbf3732a61b7.png (469B)
../../node_modules/expo-router/assets/file.19eeb73b9593a38f8e9f418337fc7d10.png (138B)
../../node_modules/expo-router/assets/forward.d8b800c443b8972542883e0b9de2bdc6.png (188B)
../../node_modules/expo-router/assets/pkg.ab19f4cbc543357183a20571f68380a3.png (364B)
../../node_modules/expo-router/assets/react-navigation/elements/back-icon-mask.0a328cd9c1afd0afe8e3b1ec5165b1b4.png (653B)
../../node_modules/expo-router/assets/react-navigation/elements/back-icon.35ba0eaec5a4f5ed12ca16fabeae451d.png (207B)
../../node_modules/expo-router/assets/react-navigation/elements/clear-icon.c94f6478e7ae0cdd9f15de1fcb9e5e55.png (4 variations | 425B)
../../node_modules/expo-router/assets/react-navigation/elements/close-icon.808e1b1b9b53114ec2838071a7e6daa7.png (4 variations | 235B)
../../node_modules/expo-router/assets/react-navigation/elements/search-icon.286d67d3f74808a60a78d3ebf1a5fb57.png (928B)
../../node_modules/expo-router/assets/sitemap.412dd9275b6b48ad28f5e3d81bb1f626.png (465B)
../../node_modules/expo-router/assets/unmatched.20e71bdf79e3a97bf55fd9e164041578.png (4.8KB)

› web bundles (73):
_expo/static/css/global-2db4d333c8d96595d8d18796b96265e2.css (54KB)
_expo/static/css/maplibre-gl-9ee142d85ebe8fc90c36b0bed2634e4f.css (83KB)
_expo/static/js/web/__common-1070b7e777944cded273e2e16ec53434.js (80KB)
_expo/static/js/web/__expo-metro-runtime-beff96064147bde5b1983fe629d44cbe.js (3.8KB)
_expo/static/js/web/AccountMembersScreen-a1a93eabb2125db2ff7f3837b8279ff9.js (10KB)
_expo/static/js/web/AccountSettingsScreen-940416f0ae73581206cff54db55145e2.js (6KB)
_expo/static/js/web/AccountVerificationScreen-05ef95ffbdf7a0861f333c5ecb4256f8.js (4.9KB)
_expo/static/js/web/AppInfoScreen-53593dc1c83a0bab56d310bbe294c159.js (12KB)
_expo/static/js/web/ar-23387c6982cf34b3f9fca992a2b2d384.js (178KB)
_expo/static/js/web/ar-SA-c4453f3c5ab323a9228b8a9c76407eaa.js (35KB)
_expo/static/js/web/AvatarCropScreen-cba3b722ade85a0871f4af033194dd52.js (21KB)
_expo/static/js/web/bn-74b36394ed97c7186b2e0861624c9b5a.js (173KB)
_expo/static/js/web/ca-28f9c46663fcfcb977ab5b7ccbea4d64.js (67KB)
_expo/static/js/web/ca-ES-35f40017ad3c105faa9cc8f255ccc6c7.js (13KB)
_expo/static/js/web/ChangeAvatarScreen-61eb085c283c8111c75e9e13a0fc684b.js (4.3KB)
_expo/static/js/web/ConnectedAppsScreen-02b4a894f080b32c521e207d42fa7be3.js (3.1KB)
_expo/static/js/web/CreateAccountScreen-a73ee688306b2be0cd906b938cf7773e.js (7.5KB)
_expo/static/js/web/de-3f1ddec8ddebe0d45cbf69f83e2f8f1b.js (66KB)
_expo/static/js/web/de-DE-23761002cb54d88f400513eb52ce5994.js (14KB)
_expo/static/js/web/DeleteAccountScreen-f000e4f75a55342e2130501aaf24b93c.js (348B)
_expo/static/js/web/DomainsScreen-3e2db1d4188e4348b22b1c819e4b1b8e.js (4.4KB)
_expo/static/js/web/EditProfileFieldScreen-cb065caef29cd6436d76b39d96a19d18.js (31KB)
_expo/static/js/web/EditProfileScreen-9ebe40ecc624766622055fe4aeb62678.js (3.5KB)
_expo/static/js/web/entry-7f7998afbe375d71d57d610e47b89f37.js (6MB)
_expo/static/js/web/es-03dac80b9a7fe39bcbf1c76953892e46.js (67KB)
_expo/static/js/web/es-ES-2fabccf95dc4f744a25ef44186f1ce99.js (67KB)
_expo/static/js/web/FileManagementScreen-d7329ec6cd46e0512e5df662b4692689.js (103KB)
_expo/static/js/web/FollowersListScreen-99e5f855a7aad7a8163c8273817e7d6f.js (312B)
_expo/static/js/web/FollowingListScreen-c0a11bf01317b39476677ca6ce5a1751.js (312B)
_expo/static/js/web/fr-6c00c5c8f5d77406869663bff28bd352.js (70KB)
_expo/static/js/web/fr-FR-a129533ef674393089374a3ed4445c21.js (14KB)
_expo/static/js/web/HelpSupportScreen-708a8b62ce78a5bcabb5a81159297a06.js (2.9KB)
_expo/static/js/web/hi-a10a91a29f6cbe6faab70f3af18deba5.js (168KB)
_expo/static/js/web/HistoryViewScreen-a52ab411cd98ef18b92725f5697334de.js (3.9KB)
_expo/static/js/web/id-7c65a42c35579499925180bb8f6de9d8.js (61KB)
_expo/static/js/web/ImagePicker-e289c4d4c4fdaee6c68705022ea568a7.js (8.6KB)
_expo/static/js/web/index-57bc96ee7569d2fd9eb96e9b645aab82.js (54KB)
_expo/static/js/web/index-73e3131de6ef5de0a0424af485b0d794.js (13KB)
_expo/static/js/web/index-b94b372977bf7361cceefbbd536431c0.js (2.1KB)
_expo/static/js/web/internal-27c93e63d996b60f28003fcd247c91f0.js (2.4KB)
_expo/static/js/web/it-8351e3be795b0958d99284a4fd34630f.js (65KB)
_expo/static/js/web/it-IT-12734fc92a052b2780ea7241159591e1.js (13KB)
_expo/static/js/web/ja-3aade72fb64a6ce1d1eb8f5ade55f521.js (104KB)
_expo/static/js/web/ja-JP-c7bd35955cf70af70f215b90194be557.js (26KB)
_expo/static/js/web/ko-KR-41f47ee673ed1729181fcc427923800a.js (21KB)
_expo/static/js/web/LanguageSelectorScreen-2717af260dfbc867b69e15803b4142f3.js (3.6KB)
_expo/static/js/web/LearnMoreUsernamesScreen-991797d8ebd479d181e24cb66c27c556.js (3.9KB)
_expo/static/js/web/LegalDocumentsScreen-3d17bc50b5a1ada64e0e15fc5948df68.js (4.4KB)
_expo/static/js/web/LinkCommonsScreen-0e3b255b4d2c68e362bf1ed961fd43a5.js (313B)
_expo/static/js/web/ManageAccountScreen-91bb49bd9f072f9aeddc838421cccd2a.js (21KB)
_expo/static/js/web/NotificationsScreen-50f2e6ba084dee1cd8d4c9e5decb7004.js (3.2KB)
_expo/static/js/web/OxyAccountDialogScreen-7edf996f9cef4c790b1f3e753ad6ea22.js (43KB)
_expo/static/js/web/PaymentGatewayScreen-b2ac15eb2e696b5e759b995bc198a203.js (29KB)
_expo/static/js/web/PreferencesScreen-57ba2bbbf2158f86836e24eef8cc1bb2.js (3.4KB)
_expo/static/js/web/PrivacySettingsScreen-893d9ef098e5f3162c5a69ed7a3ab28f.js (12KB)
_expo/static/js/web/ProfileScreen-87d5143841c0d5556c4f7e727c04deef.js (8.3KB)
_expo/static/js/web/pt-5b42a8dc9167c5e7cb2d0e88bc020c70.js (67KB)
_expo/static/js/web/pt-PT-c07fa81cc45972dd1a26e13f55af99ab.js (14KB)
_expo/static/js/web/ru-a31f5582fe43dab05c9407910b935123.js (199KB)
_expo/static/js/web/SearchSettingsScreen-834436aa802c437d64606da1d2c62bc7.js (2.5KB)
_expo/static/js/web/SignInAuthenticatorScreen-bfdb9915c5e24dbe065e4d2a2e223f98.js (315B)
_expo/static/js/web/SignInPasswordScreen-bb0e2f55181e903187f26114e89eaeb2.js (355B)
_expo/static/js/web/tr-d66633095a6d9e6222104ad7d7b77c77.js (71KB)
_expo/static/js/web/TrustAboutScreen-05a9eb1cd5520434b569db85fc8a4dbf.js (4KB)
_expo/static/js/web/TrustCenterScreen-5dc56bc9bea61cceb4e2544872c71308.js (4.4KB)
_expo/static/js/web/TrustFAQScreen-12773ac31e970025326025a711a2e9fa.js (1.8KB)
_expo/static/js/web/TrustLeaderboardScreen-b2e0f4d74d41c95a33d8c7a346bff16c.js (4.3KB)
_expo/static/js/web/TrustRewardsScreen-f5f0e5331a25479867090cb0f408fef5.js (9.4KB)
_expo/static/js/web/TrustRulesScreen-d39de94c5dc57a1d7020156f0ac22a6c.js (2.2KB)
_expo/static/js/web/UserLinksScreen-48c726fdddd6f11ec9435178b6a2cb92.js (1KB)
_expo/static/js/web/WelcomeNewUserScreen-944f511d87d9be689eddd27c10be8a92.js (8.6KB)
_expo/static/js/web/zh-CN-23bcc3808bda5c9d9c0b0ef30365bce4.js (18KB)
_expo/static/js/web/zh-d3f2a0807289f0cb0ff8107f779a6060.js (81KB)

› Files (3):
favicon.ico (15KB)
index.html (1.8KB)
metadata.json (49B)

Exported: dist
