$ bun test src/__tests__/receiverSdk.test.ts
bun test v1.4.2 (744846f84)

src/__tests__/receiverSdk.test.ts:
2026-10-03T17:09:07.225Z WARN [oxy.auth] refused SESSION_REQUIRED: User access token is not bound to a session {
  component: "auth",
  method: "auth",
  code: "SESSION_REQUIRED",
  stage: "token",
  reason: "User access token is not bound to a session",
  status: 401,
  optional: true,
  path: "/owned-fixture",
}
2026-10-03T17:09:07.225Z WARN [oxy.auth] 401 after refusal SESSION_REQUIRED: User access token is not bound to a session {
  component: "auth",
  method: "requireOxyAuth",
  code: "SESSION_REQUIRED",
  stage: "token",
  reason: "User access token is not bound to a session",
}
(pass) candidate SDK receiver authority > refuses missing and sessionless bearers before the protected handler [9.14ms]
2026-10-03T17:09:07.231Z WARN [oxy.auth] Token rejected — claimed user does not own the session {
  component: "auth",
  method: "auth",
  claimedUserId: "other-owner",
  validatedUserId: "receiver-owner",
}
2026-10-03T17:09:07.231Z WARN [oxy.auth] refused SESSION_USER_MISMATCH: Token user claim does not own the presented session {
  component: "auth",
  method: "auth",
  code: "SESSION_USER_MISMATCH",
  stage: "session",
  reason: "Token user claim does not own the presented session",
  status: 401,
  optional: true,
  path: "/owned-fixture",
}
2026-10-03T17:09:07.231Z WARN [oxy.auth] 401 after refusal SESSION_USER_MISMATCH: Token user claim does not own the presented session {
  component: "auth",
  method: "requireOxyAuth",
  code: "SESSION_USER_MISMATCH",
  stage: "session",
  reason: "Token user claim does not own the presented session",
}
(pass) candidate SDK receiver authority > uses the live validated owner and rejects a conflicting token claim [6.04ms]
2026-10-03T17:09:07.234Z WARN [oxy.auth] refused INVALID_SESSION: Session is invalid, revoked or expired {
  component: "auth",
  method: "auth",
  code: "INVALID_SESSION",
  stage: "session",
  reason: "Session is invalid, revoked or expired",
  status: 401,
  optional: true,
  path: "/owned-fixture",
}
2026-10-03T17:09:07.234Z WARN [oxy.auth] 401 after refusal INVALID_SESSION: Session is invalid, revoked or expired {
  component: "auth",
  method: "requireOxyAuth",
  code: "INVALID_SESSION",
  stage: "session",
  reason: "Session is invalid, revoked or expired",
}
(pass) candidate SDK receiver authority > revalidates on the next call and refuses revocation without a cached admit [2.76ms]
25 |   return `http://127.0.0.1:${(server.address() as AddressInfo).port}`;
26 | }
27 | async function close(server: Server | undefined): Promise<void> {
28 |   if (!server) return;
29 |   server.closeAllConnections();
30 |   await new Promise<void>((resolve, reject) => server.close((error) => error ? reject(error) : resolve()));
               ^
error: Server is not running.
 code: "ERR_SERVER_NOT_RUNNING"

      at <anonymous> (node:_http_server:266:60)
      at new Promise (1:11)
      at close (/home/nate/Oxy/GoWay/.worktrees/1519-final-sdk-adoption-20261003/packages/backend/src/__tests__/receiverSdk.test.ts:30:9)
      at <anonymous> (/home/nate/Oxy/GoWay/.worktrees/1519-final-sdk-adoption-20261003/packages/backend/src/__tests__/receiverSdk.test.ts:58:11)
(fail) (unnamed) [0.44ms]

 3 pass
 1 fail
 11 expect() calls
Ran 4 tests across 1 file. [160.00ms]
error: script "test" exited with code 1
