$ expo export --platform web --max-workers "1"
React Compiler enabled
Expo Autolinking module resolution enabled
Starting Metro Bundler

 WARN  Attempted to import the module "/home/nate/Oxy/GoWay/.worktrees/1519-final-sdk-adoption-20261003/node_modules/@noble/hashes/crypto.js" which is not listed in the "exports" of "/home/nate/Oxy/GoWay/.worktrees/1519-final-sdk-adoption-20261003/node_modules/@noble/hashes" under the requested subpath "./crypto.js". Falling back to file-based resolution. Consider updating the call site or asking the package maintainer(s) to expose this API.
Web Bundled 60883ms node_modules/expo-router/entry.js (2689 modules)

› Assets (28):
../../node_modules/@oxy.so/bloom/lib/module/fonts/assets/BlomusModernus-Bold.c8e4c906b137ccc90f9aa1fbccbe85b2.woff2 (78KB)
../../node_modules/@oxy.so/bloom/lib/module/fonts/assets/BlomusModernus-Regular.6a898c26aeb50e6f31189d06dd2bf3e9.woff2 (78KB)
../../node_modules/@oxy.so/bloom/lib/module/fonts/assets/InterVariable.260c81a4759baf163c025001c4f27872.woff2 (48KB)
../../node_modules/@oxy.so/bloom/lib/module/fonts/assets/JetBrainsMono-Variable.b058178d7f309414f8f856b99fd80d9b.woff2 (40KB)
../../node_modules/@oxy.so/services/lib/module/assets/fonts/icons/OxyServicesIonicons.48b1d8ee549a265d0c1aa67fed7fbca2.ttf (43KB)
../../node_modules/@oxy.so/services/lib/module/assets/fonts/icons/OxyServicesMaterialCommunityIcons.88d575089a17d9d10e08c411fd7105ba.ttf (29KB)
../../node_modules/@oxy.so/services/lib/module/assets/signIn/slide-1.b29a38b76e9e9e426cc152c3a1a56a73.jpg (102KB)
../../node_modules/@oxy.so/services/lib/module/assets/signIn/slide-2.045f767e731a6b2801ce1ea8dbda92f5.jpg (88KB)
../../node_modules/@oxy.so/services/lib/module/assets/signIn/slide-3.32a001447e68adf690be104bddcce0ef.jpg (59KB)
../../node_modules/@oxy.so/services/lib/module/assets/signIn/slide-4.1de81f0781c3c99c5615d0ec8eb5dee6.jpg (47KB)
../../node_modules/expo-router/assets/arrow_down.017bc6ba3fc25503e5eb5e53826d48a8.png (9.5KB)
../../node_modules/expo-router/assets/error.d1ea1496f9057eb392d5bbf3732a61b7.png (469B)
../../node_modules/expo-router/assets/file.19eeb73b9593a38f8e9f418337fc7d10.png (138B)
../../node_modules/expo-router/assets/forward.d8b800c443b8972542883e0b9de2bdc6.png (188B)
../../node_modules/expo-router/assets/pkg.ab19f4cbc543357183a20571f68380a3.png (364B)
../../node_modules/expo-router/assets/react-navigation/elements/back-icon-mask.0a328cd9c1afd0afe8e3b1ec5165b1b4.png (653B)
../../node_modules/expo-router/assets/react-navigation/elements/back-icon.35ba0eaec5a4f5ed12ca16fabeae451d.png (207B)
../../node_modules/expo-router/assets/react-navigation/elements/clear-icon.c94f6478e7ae0cdd9f15de1fcb9e5e55.png (4 variations | 425B)
../../node_modules/expo-router/assets/react-navigation/elements/close-icon.808e1b1b9b53114ec2838071a7e6daa7.png (4 variations | 235B)
../../node_modules/expo-router/assets/react-navigation/elements/search-icon.286d67d3f74808a60a78d3ebf1a5fb57.png (928B)
../../node_modules/expo-router/assets/sitemap.412dd9275b6b48ad28f5e3d81bb1f626.png (465B)
../../node_modules/expo-router/assets/unmatched.20e71bdf79e3a97bf55fd9e164041578.png (4.8KB)

› web bundles (73):
_expo/static/css/global-268af1afc2a8f61784597f18043dbe05.css (54KB)
_expo/static/css/maplibre-gl-9ee142d85ebe8fc90c36b0bed2634e4f.css (83KB)
_expo/static/js/web/__common-43541bb29715088ad8744b4076977fac.js (80KB)
_expo/static/js/web/__expo-metro-runtime-beff96064147bde5b1983fe629d44cbe.js (3.8KB)
_expo/static/js/web/AccountMembersScreen-9fba89d0f65a26f94d7d17140f770240.js (10KB)
_expo/static/js/web/AccountSettingsScreen-f422fc9a8100d308be047322d400d827.js (6KB)
_expo/static/js/web/AccountVerificationScreen-5a61bc836c720a65a6fc123974765e9b.js (4.9KB)
_expo/static/js/web/AppInfoScreen-f810ad323f6737e280364f453bd0e919.js (12KB)
_expo/static/js/web/ar-4242ad6434d69dbac7a635efa075dbbf.js (178KB)
_expo/static/js/web/ar-SA-9cfb7609d13ae52337d7c092e3d74465.js (35KB)
_expo/static/js/web/AvatarCropScreen-c55238b80fa67c3f08574374099c458a.js (21KB)
_expo/static/js/web/bn-55d98fee2cb52c497195099be2aadc5c.js (173KB)
_expo/static/js/web/ca-07a4f317983914188a73e214065f79f6.js (67KB)
_expo/static/js/web/ca-ES-12f3a3d7586d02ed3aa0d40e8d601b92.js (13KB)
_expo/static/js/web/ChangeAvatarScreen-dd026616702ff8bc99641684cb6558ad.js (4.3KB)
_expo/static/js/web/ConnectedAppsScreen-e52a78d88f3deb41da51d2216adeb7e2.js (3.1KB)
_expo/static/js/web/CreateAccountScreen-57abac444410f019d9789ed43b4a357f.js (7.5KB)
_expo/static/js/web/de-88c1e1b222400b6f257adc43d80e8b43.js (66KB)
_expo/static/js/web/de-DE-ad7bd5c673577ed5176d2ce0d9069795.js (14KB)
_expo/static/js/web/DeleteAccountScreen-2db0a94533a6e6c6dd15f79e0af65d93.js (348B)
_expo/static/js/web/DomainsScreen-cb9b9ab7a2a407dcd983901bb178725e.js (4.4KB)
_expo/static/js/web/EditProfileFieldScreen-3ddb024b9370833589ea77c210664372.js (31KB)
_expo/static/js/web/EditProfileScreen-50a21274282c2176cc380418a107098a.js (3.5KB)
_expo/static/js/web/entry-7c90590c0cdc43fa24e582b6256407a5.js (6MB)
_expo/static/js/web/es-96fce1e597fdaf5ed6b41b14c232c7fe.js (67KB)
_expo/static/js/web/es-ES-254ad1156e3c98205dca0bc598f4a498.js (67KB)
_expo/static/js/web/FileManagementScreen-ebe1c5e42502282837cfe7e3a838892e.js (103KB)
_expo/static/js/web/FollowersListScreen-bf0288ff6cff782ee9d549fe54816829.js (312B)
_expo/static/js/web/FollowingListScreen-2ba8bcf27226f5d6e0f6ae15cb95fb50.js (312B)
_expo/static/js/web/fr-e0bca426d18a0f917aa19e3780e04294.js (70KB)
_expo/static/js/web/fr-FR-872046e984be71765982e5aafa7cb5ae.js (14KB)
_expo/static/js/web/HelpSupportScreen-a3021e6959d80811ccc11f68626af4e9.js (2.9KB)
_expo/static/js/web/hi-549a5d226111f9bb724a6f6aa4a10c13.js (168KB)
_expo/static/js/web/HistoryViewScreen-f5f82ba2b79fa32e93d580a1b9c3156a.js (3.9KB)
_expo/static/js/web/id-d0dcdcbe9498e9ed304f0d1955a138f7.js (61KB)
_expo/static/js/web/ImagePicker-bed901ddf9a864624be984008363b44a.js (8.6KB)
_expo/static/js/web/index-0e1328547c27f6073ebd7da10a79352d.js (54KB)
_expo/static/js/web/index-28b7d5bd3d0966739c3dec67d2d5a28b.js (13KB)
_expo/static/js/web/index-a60b4bccc0613d112e0b0a740eba0001.js (2.1KB)
_expo/static/js/web/internal-f2349b17f7bade3728b2e3fc9a9e8777.js (2.4KB)
_expo/static/js/web/it-41f289f22558cb1a065f039c0e3cade5.js (65KB)
_expo/static/js/web/it-IT-abe70bcfc2dfa0857a0bbb6ed8169392.js (13KB)
_expo/static/js/web/ja-1867df430c2565b785f03c9986230d58.js (104KB)
_expo/static/js/web/ja-JP-5067e1ea663480a4bbc9639fa492fb65.js (26KB)
_expo/static/js/web/ko-KR-1eedcadc446ffbd440026783318448fc.js (21KB)
_expo/static/js/web/LanguageSelectorScreen-dc1717bf9f6d0ab08b7b2bcfcc481a27.js (3.6KB)
_expo/static/js/web/LearnMoreUsernamesScreen-f24a0f2060786a36e805cae90f34cad9.js (3.9KB)
_expo/static/js/web/LegalDocumentsScreen-484ab491ecfdd5e4293ffc49d98839c4.js (4.4KB)
_expo/static/js/web/LinkCommonsScreen-bab8019ec948b28e6137dedcd54003c2.js (313B)
_expo/static/js/web/ManageAccountScreen-ae927c63be7741434b6a84ba15198b82.js (21KB)
_expo/static/js/web/NotificationsScreen-34f04ac93955016dea2c99a995421955.js (3.2KB)
_expo/static/js/web/OxyAccountDialogScreen-3e2732c2c4ee41adf2eeb8883faf5249.js (43KB)
_expo/static/js/web/PaymentGatewayScreen-198e5436f04d32947116f3bde6e12f7d.js (29KB)
_expo/static/js/web/PreferencesScreen-0d3c38f6c4363da5627dad8e7360d786.js (3.4KB)
_expo/static/js/web/PrivacySettingsScreen-d72388c0fad7e9af386ea5f312aed13d.js (12KB)
_expo/static/js/web/ProfileScreen-8f60508a593ef450059ad3aac57b5ce4.js (8.3KB)
_expo/static/js/web/pt-c26bcf4e5aefdc921dad7838f3b83d05.js (67KB)
_expo/static/js/web/pt-PT-7c5497e5650d308920ef68ef71b811a8.js (14KB)
_expo/static/js/web/ru-8877285f77eafcff4ec965b159ffc2e3.js (199KB)
_expo/static/js/web/SearchSettingsScreen-8c14ef58a39bf7d2f1c0bbe3c7e0f27a.js (2.5KB)
_expo/static/js/web/SignInAuthenticatorScreen-886836c9509fa21a1410742ce9af623d.js (315B)
_expo/static/js/web/SignInPasswordScreen-20b1efde972a3f0a6186ce6d088136c9.js (355B)
_expo/static/js/web/tr-c4420cb3d772dbc73a2f826c8fcf1e1a.js (71KB)
_expo/static/js/web/TrustAboutScreen-c0a5a53a5e6e106f166e13330966ad3d.js (4KB)
_expo/static/js/web/TrustCenterScreen-991839a659511661b210796914717506.js (4.4KB)
_expo/static/js/web/TrustFAQScreen-ced32f550687eab6b71e1ad3cacf4a9a.js (1.8KB)
_expo/static/js/web/TrustLeaderboardScreen-5999787aa0a2b32bea2b4f9a9a66c87f.js (4.3KB)
_expo/static/js/web/TrustRewardsScreen-9e3a30af965df2bef8aa400537fe16a4.js (9.4KB)
_expo/static/js/web/TrustRulesScreen-8de9827eb341c2a38a0d2294eb785c74.js (2.2KB)
_expo/static/js/web/UserLinksScreen-6f701a6e5bee128972d51e82bd0476ce.js (1KB)
_expo/static/js/web/WelcomeNewUserScreen-0d7769cb8e5eda83d655fca9d3f98dcb.js (8.6KB)
_expo/static/js/web/zh-CN-548f46402768edfb0a6997cc429bc2b3.js (18KB)
_expo/static/js/web/zh-d64adca3eff421b5a0b3ca7b4a8832b9.js (81KB)

› Files (3):
favicon.ico (15KB)
index.html (1.8KB)
metadata.json (49B)

Exported: dist
